[INFO] Scanning for projects...
[WARNING] 
[WARNING] Some problems were encountered while building the effective model for org.example:RetailStagingAutomation:jar:1.0-SNAPSHOT
[WARNING] 'dependencies.dependency.version' for org.junit.jupiter:junit-jupiter:jar is either LATEST or RELEASE (both of them are being deprecated) @ line 53, column 22
[WARNING] 
[WARNING] It is highly recommended to fix these problems because they threaten the stability of your build.
[WARNING] 
[WARNING] For this reason, future Maven versions might no longer support building such malformed projects.
[WARNING] 
[INFO] 
[INFO] ----------------< org.example:RetailStagingAutomation >-----------------
[INFO] Building RetailStagingAutomation 1.0-SNAPSHOT
[INFO] --------------------------------[ jar ]---------------------------------
[INFO] 
[INFO] --- maven-clean-plugin:2.5:clean (default-clean) @ RetailStagingAutomation ---
[INFO] Deleting /Users/gini/VSCodeProjects/RetailTRUI/target
[INFO] 
[INFO] --- maven-resources-plugin:2.6:resources (default-resources) @ RetailStagingAutomation ---
[INFO] Using 'UTF-8' encoding to copy filtered resources.
[INFO] skip non existing resourceDirectory /Users/gini/VSCodeProjects/RetailTRUI/src/main/resources
[INFO] 
[INFO] --- maven-compiler-plugin:3.1:compile (default-compile) @ RetailStagingAutomation ---
[INFO] No sources to compile
[INFO] 
[INFO] --- maven-resources-plugin:2.6:testResources (default-testResources) @ RetailStagingAutomation ---
[INFO] Using 'UTF-8' encoding to copy filtered resources.
[INFO] Copying 15 resources
[INFO] 
[INFO] --- maven-compiler-plugin:3.1:testCompile (default-testCompile) @ RetailStagingAutomation ---
[INFO] Changes detected - recompiling the module!
[INFO] Compiling 41 source files to /Users/gini/VSCodeProjects/RetailTRUI/target/test-classes
[INFO] 
[INFO] --- maven-surefire-plugin:2.12.4:test (default-test) @ RetailStagingAutomation ---
[INFO] Surefire report directory: /Users/gini/VSCodeProjects/RetailTRUI/target/surefire-reports

-------------------------------------------------------
 T E S T S
-------------------------------------------------------
Running runner.TestRunner

@TEST1
Scenario: Open new general condition definition screen        # src/test/resources/generalConditionDefinition.feature:12
You are using a frozen webkit browser which does not receive updates anymore on mac12-arm64. Please update to the latest version of your operating system to test up-to-date browsers.
You are using a frozen ffmpeg browser which does not receive updates anymore on mac12-arm64. Please update to the latest version of your operating system to test up-to-date browsers.
  Given navigate to login page                                # stepDefs.GlobalStepdefs.navigateToLoginPage()
  When login as special user "RETAIL_SPECIALIST" "rt2390RT!!" # stepDefs.LoginStepdefs.loginAsSpecialUser(java.lang.String,java.lang.String)
  And click login button                                      # stepDefs.LoginStepdefs.clickLoginButton()
  Then verify successful login                                # stepDefs.WorkflowInboxStepdefs.verifySuccessfulLogin()
  And click supplier dropdown toggle                          # stepDefs.WorkflowInboxStepdefs.clickSupplierDropdownToggle()
  When click contract definition link                         # stepDefs.WorkflowInboxStepdefs.clickContractDefinitionLink()
  Then verify contract definition page is displayed           # stepDefs.ContractDefinitionStepdefs.verifyContractDefinitionPageIsDisplayed()
✅ Sözleşme adı: FOS-2025-FCA olan sözleşme kontrol edildi
  Given click to sample contract "FOS-2025-FCA"               # stepDefs.GeneralConditionStepDefs.clickToSampleContract(java.lang.String)
✅ Arama butonuna tıklandı
  And click to search button on definition page               # stepDefs.GeneralConditionStepDefs.clickToSearchButton()
✅ İlk düzenleme butonuna tıklandı
  And click to first edit button on definition page           # stepDefs.GeneralConditionStepDefs.clickToFirstEdit()
🔍 Tab yapısını kontrol ediyoruz...
Toplam 2 tab bulundu
  Tab 0: text='Genel Kondisyon', selected=false, class='k-item k-state-default k-tab-on-top k-first'
  Tab 1: text='Temsilci Kondisyon', selected=false, class='k-item k-state-default k-last'
🔍 'Genel Kondisyon' tab'ına tıklanıyor...
✅ 'Genel Kondisyon' tab'ına tıklandı
🔍 Butona tıklamadan önce 2 popup var
